Archive member included to satisfy reference by file (symbol)

c:/intelfpga_lite/17.1/nios2eds/bin/gnu/h-x86_64-mingw32/bin/../lib/gcc/nios2-elf/5.3.0/mno-hw-mul\libgcc.a(lib2-divmod.o)
                              obj/default/main.o (__umodsi3)
../projet_1_software_bsp/\libhal_bsp.a(alt_load.o)
                              ../projet_1_software_bsp//obj/HAL/src/crt0.o (alt_load)
../projet_1_software_bsp/\libhal_bsp.a(alt_main.o)
                              ../projet_1_software_bsp//obj/HAL/src/crt0.o (alt_main)
../projet_1_software_bsp/\libhal_bsp.a(alt_sys_init.o)
                              ../projet_1_software_bsp/\libhal_bsp.a(alt_main.o) (alt_irq_init)
../projet_1_software_bsp/\libhal_bsp.a(altera_up_avalon_audio.o)
                              obj/default/main.o (alt_up_audio_open_dev)
../projet_1_software_bsp/\libhal_bsp.a(altera_up_avalon_audio_and_video_config.o)
                              obj/default/main.o (alt_up_av_config_open_dev)
../projet_1_software_bsp/\libhal_bsp.a(alt_close.o)
                              ../projet_1_software_bsp/\libhal_bsp.a(alt_main.o) (close)
../projet_1_software_bsp/\libhal_bsp.a(alt_dcache_flush_all.o)
                              ../projet_1_software_bsp/\libhal_bsp.a(alt_load.o) (alt_dcache_flush_all)
../projet_1_software_bsp/\libhal_bsp.a(alt_dev.o)
                              ../projet_1_software_bsp/\libhal_bsp.a(alt_sys_init.o) (alt_dev_list)
../projet_1_software_bsp/\libhal_bsp.a(alt_dev_llist_insert.o)
                              ../projet_1_software_bsp/\libhal_bsp.a(alt_sys_init.o) (alt_dev_llist_insert)
../projet_1_software_bsp/\libhal_bsp.a(alt_do_ctors.o)
                              ../projet_1_software_bsp/\libhal_bsp.a(alt_main.o) (_do_ctors)
../projet_1_software_bsp/\libhal_bsp.a(alt_do_dtors.o)
                              ../projet_1_software_bsp/\libhal_bsp.a(alt_main.o) (_do_dtors)
../projet_1_software_bsp/\libhal_bsp.a(alt_errno.o)
                              ../projet_1_software_bsp/\libhal_bsp.a(alt_close.o) (alt_errno)
../projet_1_software_bsp/\libhal_bsp.a(alt_find_dev.o)
                              ../projet_1_software_bsp/\libhal_bsp.a(altera_up_avalon_audio.o) (alt_find_dev)
../projet_1_software_bsp/\libhal_bsp.a(alt_icache_flush_all.o)
                              ../projet_1_software_bsp/\libhal_bsp.a(alt_load.o) (alt_icache_flush_all)
../projet_1_software_bsp/\libhal_bsp.a(alt_release_fd.o)
                              ../projet_1_software_bsp/\libhal_bsp.a(alt_close.o) (alt_release_fd)
../projet_1_software_bsp/\libhal_bsp.a(altera_nios2_gen2_irq.o)
                              ../projet_1_software_bsp/\libhal_bsp.a(alt_sys_init.o) (altera_nios2_gen2_irq_init)
c:/intelfpga_lite/17.1/nios2eds/bin/gnu/h-x86_64-mingw32/bin/../lib/gcc/nios2-elf/5.3.0/../../../../../H-x86_64-mingw32/nios2-elf/lib/mno-hw-mul\libc.a(lib_a-atexit.o)
                              ../projet_1_software_bsp/\libhal_bsp.a(alt_main.o) (atexit)
c:/intelfpga_lite/17.1/nios2eds/bin/gnu/h-x86_64-mingw32/bin/../lib/gcc/nios2-elf/5.3.0/../../../../../H-x86_64-mingw32/nios2-elf/lib/mno-hw-mul\libc.a(lib_a-exit.o)
                              ../projet_1_software_bsp/\libhal_bsp.a(alt_main.o) (exit)
c:/intelfpga_lite/17.1/nios2eds/bin/gnu/h-x86_64-mingw32/bin/../lib/gcc/nios2-elf/5.3.0/../../../../../H-x86_64-mingw32/nios2-elf/lib/mno-hw-mul\libc.a(lib_a-impure.o)
                              c:/intelfpga_lite/17.1/nios2eds/bin/gnu/h-x86_64-mingw32/bin/../lib/gcc/nios2-elf/5.3.0/../../../../../H-x86_64-mingw32/nios2-elf/lib/mno-hw-mul\libc.a(lib_a-exit.o) (_global_impure_ptr)
c:/intelfpga_lite/17.1/nios2eds/bin/gnu/h-x86_64-mingw32/bin/../lib/gcc/nios2-elf/5.3.0/../../../../../H-x86_64-mingw32/nios2-elf/lib/mno-hw-mul\libc.a(lib_a-int_errno.o)
                              ../projet_1_software_bsp/\libhal_bsp.a(alt_close.o) (errno)
c:/intelfpga_lite/17.1/nios2eds/bin/gnu/h-x86_64-mingw32/bin/../lib/gcc/nios2-elf/5.3.0/../../../../../H-x86_64-mingw32/nios2-elf/lib/mno-hw-mul\libc.a(lib_a-memcmp.o)
                              ../projet_1_software_bsp/\libhal_bsp.a(alt_find_dev.o) (memcmp)
c:/intelfpga_lite/17.1/nios2eds/bin/gnu/h-x86_64-mingw32/bin/../lib/gcc/nios2-elf/5.3.0/../../../../../H-x86_64-mingw32/nios2-elf/lib/mno-hw-mul\libc.a(lib_a-strlen.o)
                              ../projet_1_software_bsp/\libhal_bsp.a(alt_find_dev.o) (strlen)
c:/intelfpga_lite/17.1/nios2eds/bin/gnu/h-x86_64-mingw32/bin/../lib/gcc/nios2-elf/5.3.0/../../../../../H-x86_64-mingw32/nios2-elf/lib/mno-hw-mul\libc.a(lib_a-__atexit.o)
                              c:/intelfpga_lite/17.1/nios2eds/bin/gnu/h-x86_64-mingw32/bin/../lib/gcc/nios2-elf/5.3.0/../../../../../H-x86_64-mingw32/nios2-elf/lib/mno-hw-mul\libc.a(lib_a-atexit.o) (__register_exitproc)
c:/intelfpga_lite/17.1/nios2eds/bin/gnu/h-x86_64-mingw32/bin/../lib/gcc/nios2-elf/5.3.0/../../../../../H-x86_64-mingw32/nios2-elf/lib/mno-hw-mul\libc.a(lib_a-__call_atexit.o)
                              c:/intelfpga_lite/17.1/nios2eds/bin/gnu/h-x86_64-mingw32/bin/../lib/gcc/nios2-elf/5.3.0/../../../../../H-x86_64-mingw32/nios2-elf/lib/mno-hw-mul\libc.a(lib_a-exit.o) (__call_exitprocs)
c:/intelfpga_lite/17.1/nios2eds/bin/gnu/h-x86_64-mingw32/bin/../lib/gcc/nios2-elf/5.3.0/mno-hw-mul\libgcc.a(lib2-mul.o)
                              ../projet_1_software_bsp/\libhal_bsp.a(alt_close.o) (__mulsi3)
../projet_1_software_bsp/\libhal_bsp.a(alt_exit.o)
                              c:/intelfpga_lite/17.1/nios2eds/bin/gnu/h-x86_64-mingw32/bin/../lib/gcc/nios2-elf/5.3.0/../../../../../H-x86_64-mingw32/nios2-elf/lib/mno-hw-mul\libc.a(lib_a-exit.o) (_exit)

Allocating common symbols
Common symbol       size              file

errno               0x4               c:/intelfpga_lite/17.1/nios2eds/bin/gnu/h-x86_64-mingw32/bin/../lib/gcc/nios2-elf/5.3.0/../../../../../H-x86_64-mingw32/nios2-elf/lib/mno-hw-mul\libc.a(lib_a-int_errno.o)
audio_dev           0x4               obj/default/main.o
r_buf               0x100             obj/default/main.o
av_config_dev       0x4               obj/default/main.o
outgoing_buffer     0x100             obj/default/main.o
l_buf               0x100             obj/default/main.o

Memory Configuration

Name             Origin             Length             Attributes
reset            0x0000000000080000 0x0000000000000020
onchip_memory2_0 0x0000000000080020 0x000000000006be70
*default*        0x0000000000000000 0xffffffffffffffff

Linker script and memory map

LOAD ../projet_1_software_bsp//obj/HAL/src/crt0.o
LOAD obj/default/main.o
LOAD c:/intelfpga_lite/17.1/nios2eds/bin/gnu/h-x86_64-mingw32/bin/../lib/gcc/nios2-elf/5.3.0/../../../../../H-x86_64-mingw32/nios2-elf/lib/mno-hw-mul\libstdc++.a
LOAD c:/intelfpga_lite/17.1/nios2eds/bin/gnu/h-x86_64-mingw32/bin/../lib/gcc/nios2-elf/5.3.0/../../../../../H-x86_64-mingw32/nios2-elf/lib/mno-hw-mul\libm.a
LOAD c:/intelfpga_lite/17.1/nios2eds/bin/gnu/h-x86_64-mingw32/bin/../lib/gcc/nios2-elf/5.3.0/mno-hw-mul\libgcc.a
START GROUP
LOAD c:/intelfpga_lite/17.1/nios2eds/bin/gnu/h-x86_64-mingw32/bin/../lib/gcc/nios2-elf/5.3.0/../../../../../H-x86_64-mingw32/nios2-elf/lib/mno-hw-mul\libc.a
LOAD c:/intelfpga_lite/17.1/nios2eds/bin/gnu/h-x86_64-mingw32/bin/../lib/gcc/nios2-elf/5.3.0/mno-hw-mul\libgcc.a
LOAD ../projet_1_software_bsp/\libhal_bsp.a
LOAD c:/intelfpga_lite/17.1/nios2eds/bin/gnu/h-x86_64-mingw32/bin/../lib/gcc/nios2-elf/5.3.0/../../../../../H-x86_64-mingw32/nios2-elf/lib/mno-hw-mul\libm.a
END GROUP
LOAD c:/intelfpga_lite/17.1/nios2eds/bin/gnu/h-x86_64-mingw32/bin/../lib/gcc/nios2-elf/5.3.0/mno-hw-mul\libgcc.a
                0x0000000000080000                __alt_mem_onchip_memory2_0 = 0x80000

.entry          0x0000000000080000       0x20
 *(.entry)
 .entry         0x0000000000080000       0x20 ../projet_1_software_bsp//obj/HAL/src/crt0.o
                0x0000000000080000                __reset

.exceptions     0x0000000000080020        0x0
                0x0000000000080020                PROVIDE (__ram_exceptions_start, ABSOLUTE (.))
                0x0000000000080020                . = ALIGN (0x20)
 *(.irq)
 *(.exceptions.entry.label)
 *(.exceptions.entry.user)
 *(.exceptions.entry.ecc_fatal)
 *(.exceptions.entry)
 *(.exceptions.irqtest.user)
 *(.exceptions.irqtest)
 *(.exceptions.irqhandler.user)
 *(.exceptions.irqhandler)
 *(.exceptions.irqreturn.user)
 *(.exceptions.irqreturn)
 *(.exceptions.notirq.label)
 *(.exceptions.notirq.user)
 *(.exceptions.notirq)
 *(.exceptions.soft.user)
 *(.exceptions.soft)
 *(.exceptions.unknown.user)
 *(.exceptions.unknown)
 *(.exceptions.exit.label)
 *(.exceptions.exit.user)
 *(.exceptions.exit)
 *(.exceptions)
                0x0000000000080020                PROVIDE (__ram_exceptions_end, ABSOLUTE (.))
                0x0000000000080020                PROVIDE (__flash_exceptions_start, LOADADDR (.exceptions))

.text           0x0000000000080020     0x24ac
                [!provide]                        PROVIDE (stext, ABSOLUTE (.))
 *(.interp)
 *(.hash)
 *(.dynsym)
 *(.dynstr)
 *(.gnu.version)
 *(.gnu.version_d)
 *(.gnu.version_r)
 *(.rel.init)
 *(.rela.init)
 *(.rel.text .rel.text.* .rel.gnu.linkonce.t.*)
 *(.rela.text .rela.text.* .rela.gnu.linkonce.t.*)
 *(.rel.fini)
 *(.rela.fini)
 *(.rel.rodata .rel.rodata.* .rel.gnu.linkonce.r.*)
 *(.rela.rodata .rela.rodata.* .rela.gnu.linkonce.r.*)
 *(.rel.data .rel.data.* .rel.gnu.linkonce.d.*)
 *(.rela.data .rela.data.* .rela.gnu.linkonce.d.*)
 *(.rel.tdata .rel.tdata.* .rel.gnu.linkonce.td.*)
 *(.rela.tdata .rela.tdata.* .rela.gnu.linkonce.td.*)
 *(.rel.tbss .rel.tbss.* .rel.gnu.linkonce.tb.*)
 *(.rela.tbss .rela.tbss.* .rela.gnu.linkonce.tb.*)
 *(.rel.ctors)
 *(.rela.ctors)
 *(.rel.dtors)
 *(.rela.dtors)
 *(.rel.got)
 *(.rela.got)
 *(.rel.sdata .rel.sdata.* .rel.gnu.linkonce.s.*)
 *(.rela.sdata .rela.sdata.* .rela.gnu.linkonce.s.*)
 *(.rel.sbss .rel.sbss.* .rel.gnu.linkonce.sb.*)
 *(.rela.sbss .rela.sbss.* .rela.gnu.linkonce.sb.*)
 *(.rel.sdata2 .rel.sdata2.* .rel.gnu.linkonce.s2.*)
 *(.rela.sdata2 .rela.sdata2.* .rela.gnu.linkonce.s2.*)
 *(.rel.sbss2 .rel.sbss2.* .rel.gnu.linkonce.sb2.*)
 *(.rela.sbss2 .rela.sbss2.* .rela.gnu.linkonce.sb2.*)
 *(.rel.bss .rel.bss.* .rel.gnu.linkonce.b.*)
 *(.rela.bss .rela.bss.* .rela.gnu.linkonce.b.*)
 *(.rel.plt)
 *(.rela.plt)
 *(.rel.dyn)
 *(.init)
 *(.plt)
 *(.text .stub .text.* .gnu.linkonce.t.*)
 .text          0x0000000000080020       0x3c ../projet_1_software_bsp//obj/HAL/src/crt0.o
                0x0000000000080020                _start
 .text          0x000000000008005c      0x970 obj/default/main.o
                0x000000000008005c                audio_init
                0x0000000000080178                audio_no_effect
                0x00000000000802f0                audio_distortion
                0x0000000000080434                audio_delay
                0x0000000000080664                audio_octave
                0x0000000000080908                main
                0x0000000000080924                state_select
 .text          0x00000000000809cc      0x1b4 c:/intelfpga_lite/17.1/nios2eds/bin/gnu/h-x86_64-mingw32/bin/../lib/gcc/nios2-elf/5.3.0/mno-hw-mul\libgcc.a(lib2-divmod.o)
                0x00000000000809cc                __divsi3
                0x0000000000080a50                __modsi3
                0x0000000000080ac4                __udivsi3
                0x0000000000080b28                __umodsi3
 .text          0x0000000000080b80       0xec ../projet_1_software_bsp/\libhal_bsp.a(alt_load.o)
                0x0000000000080be8                alt_load
 .text          0x0000000000080c6c       0x60 ../projet_1_software_bsp/\libhal_bsp.a(alt_main.o)
                0x0000000000080c6c                alt_main
 .text          0x0000000000080ccc       0xb0 ../projet_1_software_bsp/\libhal_bsp.a(alt_sys_init.o)
                0x0000000000080d00                alt_irq_init
                0x0000000000080d38                alt_sys_init
 .text          0x0000000000080d7c      0x7a8 ../projet_1_software_bsp/\libhal_bsp.a(altera_up_avalon_audio.o)
                0x0000000000080d7c                alt_up_audio_open_dev
                0x0000000000080db8                alt_up_audio_enable_read_interrupt
                0x0000000000080e0c                alt_up_audio_disable_read_interrupt
                0x0000000000080e64                alt_up_audio_enable_write_interrupt
                0x0000000000080eb8                alt_up_audio_disable_write_interrupt
                0x0000000000080f10                alt_up_audio_read_interrupt_pending
                0x0000000000080f50                alt_up_audio_write_interrupt_pending
                0x0000000000080f90                alt_up_audio_reset_audio_core
                0x0000000000081024                alt_up_audio_read_fifo_avail
                0x0000000000081084                alt_up_audio_record_r
                0x00000000000810ec                alt_up_audio_record_l
                0x0000000000081154                alt_up_audio_write_fifo_space
                0x00000000000811b4                alt_up_audio_play_r
                0x000000000008121c                alt_up_audio_play_l
                0x0000000000081284                alt_up_audio_read_fifo
                0x0000000000081364                alt_up_audio_write_fifo
                0x000000000008146c                alt_up_audio_read_fifo_head
                0x00000000000814bc                alt_up_audio_write_fifo_head
 .text          0x0000000000081524      0x6fc ../projet_1_software_bsp/\libhal_bsp.a(altera_up_avalon_audio_and_video_config.o)
                0x0000000000081524                alt_up_av_config_open_dev
                0x0000000000081584                alt_up_av_config_write_data
                0x00000000000815e8                alt_up_av_config_read_data
                0x0000000000081668                alt_up_av_config_reset
                0x00000000000816a0                alt_up_av_config_enable_interrupt
                0x00000000000816d8                alt_up_av_config_disable_interrupt
                0x000000000008170c                alt_up_av_config_read_acknowledge
                0x0000000000081764                alt_up_av_config_read_ready
                0x000000000008179c                alt_up_av_config_write_audio_cfg_register
                0x0000000000081840                alt_up_av_config_read_video_cfg_register
                0x0000000000081928                alt_up_av_config_write_video_cfg_register
                0x0000000000081a10                alt_up_av_config_read_DC2_cfg_register
                0x0000000000081a68                alt_up_av_config_write_DC2_cfg_register
                0x0000000000081ac0                alt_up_av_config_read_D5M_cfg_register
                0x0000000000081b18                alt_up_av_config_write_D5M_cfg_register
                0x0000000000081b70                alt_up_av_config_read_LTM_cfg_register
                0x0000000000081bc8                alt_up_av_config_write_LTM_cfg_register
 .text          0x0000000000081c20      0x114 ../projet_1_software_bsp/\libhal_bsp.a(alt_close.o)
                0x0000000000081c5c                close
 .text          0x0000000000081d34       0x20 ../projet_1_software_bsp/\libhal_bsp.a(alt_dcache_flush_all.o)
                0x0000000000081d34                alt_dcache_flush_all
 .text          0x0000000000081d54       0x2c ../projet_1_software_bsp/\libhal_bsp.a(alt_dev.o)
 .text          0x0000000000081d80       0xe0 ../projet_1_software_bsp/\libhal_bsp.a(alt_dev_llist_insert.o)
                0x0000000000081dbc                alt_dev_llist_insert
 .text          0x0000000000081e60       0x60 ../projet_1_software_bsp/\libhal_bsp.a(alt_do_ctors.o)
                0x0000000000081e60                _do_ctors
 .text          0x0000000000081ec0       0x60 ../projet_1_software_bsp/\libhal_bsp.a(alt_do_dtors.o)
                0x0000000000081ec0                _do_dtors
 .text          0x0000000000081f20        0x0 ../projet_1_software_bsp/\libhal_bsp.a(alt_errno.o)
 .text          0x0000000000081f20       0x90 ../projet_1_software_bsp/\libhal_bsp.a(alt_find_dev.o)
                0x0000000000081f20                alt_find_dev
 .text          0x0000000000081fb0       0x20 ../projet_1_software_bsp/\libhal_bsp.a(alt_icache_flush_all.o)
                0x0000000000081fb0                alt_icache_flush_all
 .text          0x0000000000081fd0       0x84 ../projet_1_software_bsp/\libhal_bsp.a(alt_release_fd.o)
                0x0000000000081fd0                alt_release_fd
 .text          0x0000000000082054       0x24 ../projet_1_software_bsp/\libhal_bsp.a(altera_nios2_gen2_irq.o)
                0x0000000000082054                altera_nios2_gen2_irq_init
 .text          0x0000000000082078        0x0 c:/intelfpga_lite/17.1/nios2eds/bin/gnu/h-x86_64-mingw32/bin/../lib/gcc/nios2-elf/5.3.0/../../../../../H-x86_64-mingw32/nios2-elf/lib/mno-hw-mul\libc.a(lib_a-atexit.o)
 .text.atexit   0x0000000000082078       0x14 c:/intelfpga_lite/17.1/nios2eds/bin/gnu/h-x86_64-mingw32/bin/../lib/gcc/nios2-elf/5.3.0/../../../../../H-x86_64-mingw32/nios2-elf/lib/mno-hw-mul\libc.a(lib_a-atexit.o)
                0x0000000000082078                atexit
 .text          0x000000000008208c        0x0 c:/intelfpga_lite/17.1/nios2eds/bin/gnu/h-x86_64-mingw32/bin/../lib/gcc/nios2-elf/5.3.0/../../../../../H-x86_64-mingw32/nios2-elf/lib/mno-hw-mul\libc.a(lib_a-exit.o)
 .text.exit     0x000000000008208c       0x38 c:/intelfpga_lite/17.1/nios2eds/bin/gnu/h-x86_64-mingw32/bin/../lib/gcc/nios2-elf/5.3.0/../../../../../H-x86_64-mingw32/nios2-elf/lib/mno-hw-mul\libc.a(lib_a-exit.o)
                0x000000000008208c                exit
 .text          0x00000000000820c4        0x0 c:/intelfpga_lite/17.1/nios2eds/bin/gnu/h-x86_64-mingw32/bin/../lib/gcc/nios2-elf/5.3.0/../../../../../H-x86_64-mingw32/nios2-elf/lib/mno-hw-mul\libc.a(lib_a-impure.o)
 .text          0x00000000000820c4        0x0 c:/intelfpga_lite/17.1/nios2eds/bin/gnu/h-x86_64-mingw32/bin/../lib/gcc/nios2-elf/5.3.0/../../../../../H-x86_64-mingw32/nios2-elf/lib/mno-hw-mul\libc.a(lib_a-int_errno.o)
 .text          0x00000000000820c4        0x0 c:/intelfpga_lite/17.1/nios2eds/bin/gnu/h-x86_64-mingw32/bin/../lib/gcc/nios2-elf/5.3.0/../../../../../H-x86_64-mingw32/nios2-elf/lib/mno-hw-mul\libc.a(lib_a-memcmp.o)
 .text.memcmp   0x00000000000820c4       0x7c c:/intelfpga_lite/17.1/nios2eds/bin/gnu/h-x86_64-mingw32/bin/../lib/gcc/nios2-elf/5.3.0/../../../../../H-x86_64-mingw32/nios2-elf/lib/mno-hw-mul\libc.a(lib_a-memcmp.o)
                0x00000000000820c4                memcmp
 .text          0x0000000000082140        0x0 c:/intelfpga_lite/17.1/nios2eds/bin/gnu/h-x86_64-mingw32/bin/../lib/gcc/nios2-elf/5.3.0/../../../../../H-x86_64-mingw32/nios2-elf/lib/mno-hw-mul\libc.a(lib_a-strlen.o)
 .text.strlen   0x0000000000082140       0x98 c:/intelfpga_lite/17.1/nios2eds/bin/gnu/h-x86_64-mingw32/bin/../lib/gcc/nios2-elf/5.3.0/../../../../../H-x86_64-mingw32/nios2-elf/lib/mno-hw-mul\libc.a(lib_a-strlen.o)
                0x0000000000082140                strlen
 .text          0x00000000000821d8        0x0 c:/intelfpga_lite/17.1/nios2eds/bin/gnu/h-x86_64-mingw32/bin/../lib/gcc/nios2-elf/5.3.0/../../../../../H-x86_64-mingw32/nios2-elf/lib/mno-hw-mul\libc.a(lib_a-__atexit.o)
 .text.__register_exitproc
                0x00000000000821d8      0x118 c:/intelfpga_lite/17.1/nios2eds/bin/gnu/h-x86_64-mingw32/bin/../lib/gcc/nios2-elf/5.3.0/../../../../../H-x86_64-mingw32/nios2-elf/lib/mno-hw-mul\libc.a(lib_a-__atexit.o)
                0x00000000000821d8                __register_exitproc
 .text          0x00000000000822f0        0x0 c:/intelfpga_lite/17.1/nios2eds/bin/gnu/h-x86_64-mingw32/bin/../lib/gcc/nios2-elf/5.3.0/../../../../../H-x86_64-mingw32/nios2-elf/lib/mno-hw-mul\libc.a(lib_a-__call_atexit.o)
 .text.__call_exitprocs
                0x00000000000822f0      0x180 c:/intelfpga_lite/17.1/nios2eds/bin/gnu/h-x86_64-mingw32/bin/../lib/gcc/nios2-elf/5.3.0/../../../../../H-x86_64-mingw32/nios2-elf/lib/mno-hw-mul\libc.a(lib_a-__call_atexit.o)
                0x00000000000822f0                __call_exitprocs
 .text          0x0000000000082470       0x28 c:/intelfpga_lite/17.1/nios2eds/bin/gnu/h-x86_64-mingw32/bin/../lib/gcc/nios2-elf/5.3.0/mno-hw-mul\libgcc.a(lib2-mul.o)
                0x0000000000082470                __mulsi3
 .text          0x0000000000082498       0x34 ../projet_1_software_bsp/\libhal_bsp.a(alt_exit.o)
                0x0000000000082498                _exit
 *(.gnu.warning.*)
 *(.fini)
                [!provide]                        PROVIDE (__etext, ABSOLUTE (.))
                [!provide]                        PROVIDE (_etext, ABSOLUTE (.))
                [!provide]                        PROVIDE (etext, ABSOLUTE (.))
 *(.eh_frame_hdr)
                0x00000000000824cc                . = ALIGN (0x4)
                [!provide]                        PROVIDE (__preinit_array_start, ABSOLUTE (.))
 *(.preinit_array)
                [!provide]                        PROVIDE (__preinit_array_end, ABSOLUTE (.))
                [!provide]                        PROVIDE (__init_array_start, ABSOLUTE (.))
 *(.init_array)
                [!provide]                        PROVIDE (__init_array_end, ABSOLUTE (.))
                [!provide]                        PROVIDE (__fini_array_start, ABSOLUTE (.))
 *(.fini_array)
                [!provide]                        PROVIDE (__fini_array_end, ABSOLUTE (.))
 *(.eh_frame)
 *(.gcc_except_table .gcc_except_table.*)
 *(.dynamic)
                0x00000000000824cc                PROVIDE (__CTOR_LIST__, ABSOLUTE (.))
 *(.ctors)
 *(SORT(.ctors.*))
                0x00000000000824cc                PROVIDE (__CTOR_END__, ABSOLUTE (.))
                0x00000000000824cc                PROVIDE (__DTOR_LIST__, ABSOLUTE (.))
 *(.dtors)
 *(SORT(.dtors.*))
                0x00000000000824cc                PROVIDE (__DTOR_END__, ABSOLUTE (.))
 *(.jcr)
                0x00000000000824cc                . = ALIGN (0x4)

.rodata         0x00000000000824cc       0x60
                0x00000000000824cc                PROVIDE (__ram_rodata_start, ABSOLUTE (.))
                0x00000000000824cc                . = ALIGN (0x4)
 *(.rodata .rodata.* .gnu.linkonce.r.*)
 .rodata        0x00000000000824cc       0x26 obj/default/main.o
 *fill*         0x00000000000824f2        0x2 
 .rodata        0x00000000000824f4       0x25 ../projet_1_software_bsp/\libhal_bsp.a(alt_sys_init.o)
 *fill*         0x0000000000082519        0x3 
 .rodata        0x000000000008251c        0xa ../projet_1_software_bsp/\libhal_bsp.a(alt_dev.o)
 *fill*         0x0000000000082526        0x2 
 .rodata.str1.4
                0x0000000000082528        0x4 c:/intelfpga_lite/17.1/nios2eds/bin/gnu/h-x86_64-mingw32/bin/../lib/gcc/nios2-elf/5.3.0/../../../../../H-x86_64-mingw32/nios2-elf/lib/mno-hw-mul\libc.a(lib_a-impure.o)
                                          0x2 (size before relaxing)
 *(.rodata1)
                0x000000000008252c                . = ALIGN (0x4)
                0x000000000008252c                PROVIDE (__ram_rodata_end, ABSOLUTE (.))
                0x00000000000824cc                PROVIDE (__flash_rodata_start, LOADADDR (.rodata))

.rwdata         0x000000000008252c      0x654 load address 0x0000000000082b80
                0x000000000008252c                PROVIDE (__ram_rwdata_start, ABSOLUTE (.))
                0x000000000008252c                . = ALIGN (0x4)
 *(.got.plt)
 *(.got)
 *(.data1)
 *(.data .data.* .gnu.linkonce.d.*)
 .data          0x000000000008252c        0x0 ../projet_1_software_bsp//obj/HAL/src/crt0.o
 .data          0x000000000008252c        0x0 obj/default/main.o
 .data          0x000000000008252c        0x0 c:/intelfpga_lite/17.1/nios2eds/bin/gnu/h-x86_64-mingw32/bin/../lib/gcc/nios2-elf/5.3.0/mno-hw-mul\libgcc.a(lib2-divmod.o)
 .data          0x000000000008252c        0x0 ../projet_1_software_bsp/\libhal_bsp.a(alt_load.o)
 .data          0x000000000008252c        0x0 ../projet_1_software_bsp/\libhal_bsp.a(alt_main.o)
 .data          0x000000000008252c       0x60 ../projet_1_software_bsp/\libhal_bsp.a(alt_sys_init.o)
 .data          0x000000000008258c        0x0 ../projet_1_software_bsp/\libhal_bsp.a(altera_up_avalon_audio.o)
 .data          0x000000000008258c        0x0 ../projet_1_software_bsp/\libhal_bsp.a(altera_up_avalon_audio_and_video_config.o)
 .data          0x000000000008258c        0x0 ../projet_1_software_bsp/\libhal_bsp.a(alt_close.o)
 .data          0x000000000008258c        0x0 ../projet_1_software_bsp/\libhal_bsp.a(alt_dcache_flush_all.o)
 .data          0x000000000008258c      0x1a8 ../projet_1_software_bsp/\libhal_bsp.a(alt_dev.o)
                0x000000000008258c                alt_dev_null
                0x00000000000825b4                alt_fd_list
 .data          0x0000000000082734        0x0 ../projet_1_software_bsp/\libhal_bsp.a(alt_dev_llist_insert.o)
 .data          0x0000000000082734        0x0 ../projet_1_software_bsp/\libhal_bsp.a(alt_do_ctors.o)
 .data          0x0000000000082734        0x0 ../projet_1_software_bsp/\libhal_bsp.a(alt_do_dtors.o)
 .data          0x0000000000082734        0x0 ../projet_1_software_bsp/\libhal_bsp.a(alt_errno.o)
 .data          0x0000000000082734        0x0 ../projet_1_software_bsp/\libhal_bsp.a(alt_find_dev.o)
 .data          0x0000000000082734        0x0 ../projet_1_software_bsp/\libhal_bsp.a(alt_icache_flush_all.o)
 .data          0x0000000000082734        0x0 ../projet_1_software_bsp/\libhal_bsp.a(alt_release_fd.o)
 .data          0x0000000000082734        0x0 ../projet_1_software_bsp/\libhal_bsp.a(altera_nios2_gen2_irq.o)
 .data          0x0000000000082734        0x0 c:/intelfpga_lite/17.1/nios2eds/bin/gnu/h-x86_64-mingw32/bin/../lib/gcc/nios2-elf/5.3.0/../../../../../H-x86_64-mingw32/nios2-elf/lib/mno-hw-mul\libc.a(lib_a-atexit.o)
 .data          0x0000000000082734        0x0 c:/intelfpga_lite/17.1/nios2eds/bin/gnu/h-x86_64-mingw32/bin/../lib/gcc/nios2-elf/5.3.0/../../../../../H-x86_64-mingw32/nios2-elf/lib/mno-hw-mul\libc.a(lib_a-exit.o)
 .data          0x0000000000082734        0x0 c:/intelfpga_lite/17.1/nios2eds/bin/gnu/h-x86_64-mingw32/bin/../lib/gcc/nios2-elf/5.3.0/../../../../../H-x86_64-mingw32/nios2-elf/lib/mno-hw-mul\libc.a(lib_a-impure.o)
 .data.impure_data
                0x0000000000082734      0x424 c:/intelfpga_lite/17.1/nios2eds/bin/gnu/h-x86_64-mingw32/bin/../lib/gcc/nios2-elf/5.3.0/../../../../../H-x86_64-mingw32/nios2-elf/lib/mno-hw-mul\libc.a(lib_a-impure.o)
 .data          0x0000000000082b58        0x0 c:/intelfpga_lite/17.1/nios2eds/bin/gnu/h-x86_64-mingw32/bin/../lib/gcc/nios2-elf/5.3.0/../../../../../H-x86_64-mingw32/nios2-elf/lib/mno-hw-mul\libc.a(lib_a-int_errno.o)
 .data          0x0000000000082b58        0x0 c:/intelfpga_lite/17.1/nios2eds/bin/gnu/h-x86_64-mingw32/bin/../lib/gcc/nios2-elf/5.3.0/../../../../../H-x86_64-mingw32/nios2-elf/lib/mno-hw-mul\libc.a(lib_a-memcmp.o)
 .data          0x0000000000082b58        0x0 c:/intelfpga_lite/17.1/nios2eds/bin/gnu/h-x86_64-mingw32/bin/../lib/gcc/nios2-elf/5.3.0/../../../../../H-x86_64-mingw32/nios2-elf/lib/mno-hw-mul\libc.a(lib_a-strlen.o)
 .data          0x0000000000082b58        0x0 c:/intelfpga_lite/17.1/nios2eds/bin/gnu/h-x86_64-mingw32/bin/../lib/gcc/nios2-elf/5.3.0/../../../../../H-x86_64-mingw32/nios2-elf/lib/mno-hw-mul\libc.a(lib_a-__atexit.o)
 .data          0x0000000000082b58        0x0 c:/intelfpga_lite/17.1/nios2eds/bin/gnu/h-x86_64-mingw32/bin/../lib/gcc/nios2-elf/5.3.0/../../../../../H-x86_64-mingw32/nios2-elf/lib/mno-hw-mul\libc.a(lib_a-__call_atexit.o)
 .data          0x0000000000082b58        0x0 c:/intelfpga_lite/17.1/nios2eds/bin/gnu/h-x86_64-mingw32/bin/../lib/gcc/nios2-elf/5.3.0/mno-hw-mul\libgcc.a(lib2-mul.o)
 .data          0x0000000000082b58        0x0 ../projet_1_software_bsp/\libhal_bsp.a(alt_exit.o)
                0x000000000008ab58                _gp = ABSOLUTE ((. + 0x8000))
                [!provide]                        PROVIDE (gp, _gp)
 *(.rwdata .rwdata.*)
 *(.sdata .sdata.* .gnu.linkonce.s.*)
 .sdata         0x0000000000082b58        0x8 obj/default/main.o
                0x0000000000082b58                reading_audio_index
                0x0000000000082b5c                octave_reading_index2
 .sdata         0x0000000000082b60       0x14 ../projet_1_software_bsp/\libhal_bsp.a(alt_dev.o)
                0x0000000000082b60                alt_fs_list
                0x0000000000082b68                alt_dev_list
                0x0000000000082b70                alt_max_fd
 .sdata         0x0000000000082b74        0x4 ../projet_1_software_bsp/\libhal_bsp.a(alt_errno.o)
                0x0000000000082b74                alt_errno
 .sdata._global_impure_ptr
                0x0000000000082b78        0x4 c:/intelfpga_lite/17.1/nios2eds/bin/gnu/h-x86_64-mingw32/bin/../lib/gcc/nios2-elf/5.3.0/../../../../../H-x86_64-mingw32/nios2-elf/lib/mno-hw-mul\libc.a(lib_a-impure.o)
                0x0000000000082b78                _global_impure_ptr
 .sdata._impure_ptr
                0x0000000000082b7c        0x4 c:/intelfpga_lite/17.1/nios2eds/bin/gnu/h-x86_64-mingw32/bin/../lib/gcc/nios2-elf/5.3.0/../../../../../H-x86_64-mingw32/nios2-elf/lib/mno-hw-mul\libc.a(lib_a-impure.o)
                0x0000000000082b7c                _impure_ptr
 *(.sdata2 .sdata2.* .gnu.linkonce.s2.*)
                0x0000000000082b80                . = ALIGN (0x4)
                0x0000000000082b80                _edata = ABSOLUTE (.)
                [!provide]                        PROVIDE (edata, ABSOLUTE (.))
                0x0000000000082b80                PROVIDE (__ram_rwdata_end, ABSOLUTE (.))
                0x0000000000082b80                PROVIDE (__flash_rwdata_start, LOADADDR (.rwdata))

.bss            0x00000000000831d4    0x5ab78
                0x00000000000831d4                __bss_start = ABSOLUTE (.)
                [!provide]                        PROVIDE (__sbss_start, ABSOLUTE (.))
                [!provide]                        PROVIDE (___sbss_start, ABSOLUTE (.))
 *(.dynsbss)
 *(.sbss .sbss.* .gnu.linkonce.sb.*)
 .sbss          0x00000000000831d4       0x10 obj/default/main.o
                0x00000000000831d4                storing_audio_index
                0x00000000000831d8                octave_reading_index1
                0x00000000000831dc                octave_storing_index
                0x00000000000831e0                state
 .sbss          0x00000000000831e4        0x8 obj/default/main.o
                0x00000000000831e4                audio_dev
                0x00000000000831e8                av_config_dev
 .sbss          0x00000000000831ec        0xc ../projet_1_software_bsp/\libhal_bsp.a(alt_main.o)
                0x00000000000831ec                alt_argc
                0x00000000000831f0                alt_argv
                0x00000000000831f4                alt_envp
 .sbss          0x00000000000831f8        0x4 c:/intelfpga_lite/17.1/nios2eds/bin/gnu/h-x86_64-mingw32/bin/../lib/gcc/nios2-elf/5.3.0/../../../../../H-x86_64-mingw32/nios2-elf/lib/mno-hw-mul\libc.a(lib_a-int_errno.o)
                0x00000000000831f8                errno
 *(.sbss2 .sbss2.* .gnu.linkonce.sb2.*)
 *(.scommon)
                [!provide]                        PROVIDE (__sbss_end, ABSOLUTE (.))
                [!provide]                        PROVIDE (___sbss_end, ABSOLUTE (.))
 *(.dynbss)
 *(.bss .bss.* .gnu.linkonce.b.*)
 .bss           0x00000000000831fc        0x0 ../projet_1_software_bsp//obj/HAL/src/crt0.o
 .bss           0x00000000000831fc    0x5a850 obj/default/main.o
                0x00000000000831fc                delay_audio_buffer
                0x00000000000dd74c                octave_buffer1
                0x00000000000dd84c                octave_buffer2
                0x00000000000dd94c                octave_outputbuffer
 .bss           0x00000000000dda4c        0x0 c:/intelfpga_lite/17.1/nios2eds/bin/gnu/h-x86_64-mingw32/bin/../lib/gcc/nios2-elf/5.3.0/mno-hw-mul\libgcc.a(lib2-divmod.o)
 .bss           0x00000000000dda4c        0x0 ../projet_1_software_bsp/\libhal_bsp.a(alt_load.o)
 .bss           0x00000000000dda4c        0x0 ../projet_1_software_bsp/\libhal_bsp.a(alt_main.o)
 .bss           0x00000000000dda4c        0x0 ../projet_1_software_bsp/\libhal_bsp.a(alt_sys_init.o)
 .bss           0x00000000000dda4c        0x0 ../projet_1_software_bsp/\libhal_bsp.a(altera_up_avalon_audio.o)
 .bss           0x00000000000dda4c        0x0 ../projet_1_software_bsp/\libhal_bsp.a(altera_up_avalon_audio_and_video_config.o)
 .bss           0x00000000000dda4c        0x0 ../projet_1_software_bsp/\libhal_bsp.a(alt_close.o)
 .bss           0x00000000000dda4c        0x0 ../projet_1_software_bsp/\libhal_bsp.a(alt_dcache_flush_all.o)
 .bss           0x00000000000dda4c        0x0 ../projet_1_software_bsp/\libhal_bsp.a(alt_dev.o)
 .bss           0x00000000000dda4c        0x0 ../projet_1_software_bsp/\libhal_bsp.a(alt_dev_llist_insert.o)
 .bss           0x00000000000dda4c        0x0 ../projet_1_software_bsp/\libhal_bsp.a(alt_do_ctors.o)
 .bss           0x00000000000dda4c        0x0 ../projet_1_software_bsp/\libhal_bsp.a(alt_do_dtors.o)
 .bss           0x00000000000dda4c        0x0 ../projet_1_software_bsp/\libhal_bsp.a(alt_errno.o)
 .bss           0x00000000000dda4c        0x0 ../projet_1_software_bsp/\libhal_bsp.a(alt_find_dev.o)
 .bss           0x00000000000dda4c        0x0 ../projet_1_software_bsp/\libhal_bsp.a(alt_icache_flush_all.o)
 .bss           0x00000000000dda4c        0x0 ../projet_1_software_bsp/\libhal_bsp.a(alt_release_fd.o)
 .bss           0x00000000000dda4c        0x0 ../projet_1_software_bsp/\libhal_bsp.a(altera_nios2_gen2_irq.o)
 .bss           0x00000000000dda4c        0x0 c:/intelfpga_lite/17.1/nios2eds/bin/gnu/h-x86_64-mingw32/bin/../lib/gcc/nios2-elf/5.3.0/../../../../../H-x86_64-mingw32/nios2-elf/lib/mno-hw-mul\libc.a(lib_a-atexit.o)
 .bss           0x00000000000dda4c        0x0 c:/intelfpga_lite/17.1/nios2eds/bin/gnu/h-x86_64-mingw32/bin/../lib/gcc/nios2-elf/5.3.0/../../../../../H-x86_64-mingw32/nios2-elf/lib/mno-hw-mul\libc.a(lib_a-exit.o)
 .bss           0x00000000000dda4c        0x0 c:/intelfpga_lite/17.1/nios2eds/bin/gnu/h-x86_64-mingw32/bin/../lib/gcc/nios2-elf/5.3.0/../../../../../H-x86_64-mingw32/nios2-elf/lib/mno-hw-mul\libc.a(lib_a-impure.o)
 .bss           0x00000000000dda4c        0x0 c:/intelfpga_lite/17.1/nios2eds/bin/gnu/h-x86_64-mingw32/bin/../lib/gcc/nios2-elf/5.3.0/../../../../../H-x86_64-mingw32/nios2-elf/lib/mno-hw-mul\libc.a(lib_a-int_errno.o)
 .bss           0x00000000000dda4c        0x0 c:/intelfpga_lite/17.1/nios2eds/bin/gnu/h-x86_64-mingw32/bin/../lib/gcc/nios2-elf/5.3.0/../../../../../H-x86_64-mingw32/nios2-elf/lib/mno-hw-mul\libc.a(lib_a-memcmp.o)
 .bss           0x00000000000dda4c        0x0 c:/intelfpga_lite/17.1/nios2eds/bin/gnu/h-x86_64-mingw32/bin/../lib/gcc/nios2-elf/5.3.0/../../../../../H-x86_64-mingw32/nios2-elf/lib/mno-hw-mul\libc.a(lib_a-strlen.o)
 .bss           0x00000000000dda4c        0x0 c:/intelfpga_lite/17.1/nios2eds/bin/gnu/h-x86_64-mingw32/bin/../lib/gcc/nios2-elf/5.3.0/../../../../../H-x86_64-mingw32/nios2-elf/lib/mno-hw-mul\libc.a(lib_a-__atexit.o)
 .bss           0x00000000000dda4c        0x0 c:/intelfpga_lite/17.1/nios2eds/bin/gnu/h-x86_64-mingw32/bin/../lib/gcc/nios2-elf/5.3.0/../../../../../H-x86_64-mingw32/nios2-elf/lib/mno-hw-mul\libc.a(lib_a-__call_atexit.o)
 .bss           0x00000000000dda4c        0x0 c:/intelfpga_lite/17.1/nios2eds/bin/gnu/h-x86_64-mingw32/bin/../lib/gcc/nios2-elf/5.3.0/mno-hw-mul\libgcc.a(lib2-mul.o)
 .bss           0x00000000000dda4c        0x0 ../projet_1_software_bsp/\libhal_bsp.a(alt_exit.o)
 *(COMMON)
 COMMON         0x00000000000dda4c      0x300 obj/default/main.o
                0x00000000000dda4c                r_buf
                0x00000000000ddb4c                outgoing_buffer
                0x00000000000ddc4c                l_buf
                0x00000000000ddd4c                . = ALIGN (0x4)
                0x00000000000ddd4c                __bss_end = ABSOLUTE (.)

.onchip_memory2_0
                0x00000000000ddd4c        0x0
                [!provide]                        PROVIDE (_alt_partition_onchip_memory2_0_start, ABSOLUTE (.))
 *(.onchip_memory2_0 .onchip_memory2_0. onchip_memory2_0.*)
                0x00000000000ddd4c                . = ALIGN (0x4)
                [!provide]                        PROVIDE (_alt_partition_onchip_memory2_0_end, ABSOLUTE (.))
                0x00000000000ddd4c                _end = ABSOLUTE (.)
                0x00000000000ddd4c                end = ABSOLUTE (.)
                0x00000000000ddd4c                __alt_stack_base = ABSOLUTE (.)
                [!provide]                        PROVIDE (_alt_partition_onchip_memory2_0_load_addr, LOADADDR (.onchip_memory2_0))

.stab
 *(.stab)

.stabstr
 *(.stabstr)

.stab.excl
 *(.stab.excl)

.stab.exclstr
 *(.stab.exclstr)

.stab.index
 *(.stab.index)

.stab.indexstr
 *(.stab.indexstr)

.comment        0x0000000000000000       0x23
 *(.comment)
 .comment       0x0000000000000000       0x23 obj/default/main.o
                                         0x24 (size before relaxing)
 .comment       0x0000000000000023       0x24 c:/intelfpga_lite/17.1/nios2eds/bin/gnu/h-x86_64-mingw32/bin/../lib/gcc/nios2-elf/5.3.0/mno-hw-mul\libgcc.a(lib2-divmod.o)
 .comment       0x0000000000000023       0x24 ../projet_1_software_bsp/\libhal_bsp.a(alt_load.o)
 .comment       0x0000000000000023       0x24 ../projet_1_software_bsp/\libhal_bsp.a(alt_main.o)
 .comment       0x0000000000000023       0x24 ../projet_1_software_bsp/\libhal_bsp.a(alt_sys_init.o)
 .comment       0x0000000000000023       0x24 ../projet_1_software_bsp/\libhal_bsp.a(altera_up_avalon_audio.o)
 .comment       0x0000000000000023       0x24 ../projet_1_software_bsp/\libhal_bsp.a(altera_up_avalon_audio_and_video_config.o)
 .comment       0x0000000000000023       0x24 ../projet_1_software_bsp/\libhal_bsp.a(alt_close.o)
 .comment       0x0000000000000023       0x24 ../projet_1_software_bsp/\libhal_bsp.a(alt_dcache_flush_all.o)
 .comment       0x0000000000000023       0x24 ../projet_1_software_bsp/\libhal_bsp.a(alt_dev.o)
 .comment       0x0000000000000023       0x24 ../projet_1_software_bsp/\libhal_bsp.a(alt_dev_llist_insert.o)
 .comment       0x0000000000000023       0x24 ../projet_1_software_bsp/\libhal_bsp.a(alt_do_ctors.o)
 .comment       0x0000000000000023       0x24 ../projet_1_software_bsp/\libhal_bsp.a(alt_do_dtors.o)
 .comment       0x0000000000000023       0x24 ../projet_1_software_bsp/\libhal_bsp.a(alt_errno.o)
 .comment       0x0000000000000023       0x24 ../projet_1_software_bsp/\libhal_bsp.a(alt_find_dev.o)
 .comment       0x0000000000000023       0x24 ../projet_1_software_bsp/\libhal_bsp.a(alt_icache_flush_all.o)
 .comment       0x0000000000000023       0x24 ../projet_1_software_bsp/\libhal_bsp.a(alt_release_fd.o)
 .comment       0x0000000000000023       0x24 ../projet_1_software_bsp/\libhal_bsp.a(altera_nios2_gen2_irq.o)
 .comment       0x0000000000000023       0x24 c:/intelfpga_lite/17.1/nios2eds/bin/gnu/h-x86_64-mingw32/bin/../lib/gcc/nios2-elf/5.3.0/../../../../../H-x86_64-mingw32/nios2-elf/lib/mno-hw-mul\libc.a(lib_a-atexit.o)
 .comment       0x0000000000000023       0x24 c:/intelfpga_lite/17.1/nios2eds/bin/gnu/h-x86_64-mingw32/bin/../lib/gcc/nios2-elf/5.3.0/../../../../../H-x86_64-mingw32/nios2-elf/lib/mno-hw-mul\libc.a(lib_a-exit.o)
 .comment       0x0000000000000023       0x24 c:/intelfpga_lite/17.1/nios2eds/bin/gnu/h-x86_64-mingw32/bin/../lib/gcc/nios2-elf/5.3.0/../../../../../H-x86_64-mingw32/nios2-elf/lib/mno-hw-mul\libc.a(lib_a-impure.o)
 .comment       0x0000000000000023       0x24 c:/intelfpga_lite/17.1/nios2eds/bin/gnu/h-x86_64-mingw32/bin/../lib/gcc/nios2-elf/5.3.0/../../../../../H-x86_64-mingw32/nios2-elf/lib/mno-hw-mul\libc.a(lib_a-int_errno.o)
 .comment       0x0000000000000023       0x24 c:/intelfpga_lite/17.1/nios2eds/bin/gnu/h-x86_64-mingw32/bin/../lib/gcc/nios2-elf/5.3.0/../../../../../H-x86_64-mingw32/nios2-elf/lib/mno-hw-mul\libc.a(lib_a-memcmp.o)
 .comment       0x0000000000000023       0x24 c:/intelfpga_lite/17.1/nios2eds/bin/gnu/h-x86_64-mingw32/bin/../lib/gcc/nios2-elf/5.3.0/../../../../../H-x86_64-mingw32/nios2-elf/lib/mno-hw-mul\libc.a(lib_a-strlen.o)
 .comment       0x0000000000000023       0x24 c:/intelfpga_lite/17.1/nios2eds/bin/gnu/h-x86_64-mingw32/bin/../lib/gcc/nios2-elf/5.3.0/../../../../../H-x86_64-mingw32/nios2-elf/lib/mno-hw-mul\libc.a(lib_a-__atexit.o)
 .comment       0x0000000000000023       0x24 c:/intelfpga_lite/17.1/nios2eds/bin/gnu/h-x86_64-mingw32/bin/../lib/gcc/nios2-elf/5.3.0/../../../../../H-x86_64-mingw32/nios2-elf/lib/mno-hw-mul\libc.a(lib_a-__call_atexit.o)
 .comment       0x0000000000000023       0x24 c:/intelfpga_lite/17.1/nios2eds/bin/gnu/h-x86_64-mingw32/bin/../lib/gcc/nios2-elf/5.3.0/mno-hw-mul\libgcc.a(lib2-mul.o)
 .comment       0x0000000000000023       0x24 ../projet_1_software_bsp/\libhal_bsp.a(alt_exit.o)

.debug
 *(.debug)

.line
 *(.line)

.debug_srcinfo
 *(.debug_srcinfo)

.debug_sfnames
 *(.debug_sfnames)

.debug_aranges  0x0000000000000000      0x390
 *(.debug_aranges)
 .debug_aranges
                0x0000000000000000       0x28 ../projet_1_software_bsp//obj/HAL/src/crt0.o
 .debug_aranges
                0x0000000000000028       0x20 obj/default/main.o
 .debug_aranges
                0x0000000000000048       0x20 c:/intelfpga_lite/17.1/nios2eds/bin/gnu/h-x86_64-mingw32/bin/../lib/gcc/nios2-elf/5.3.0/mno-hw-mul\libgcc.a(lib2-divmod.o)
 .debug_aranges
                0x0000000000000068       0x20 ../projet_1_software_bsp/\libhal_bsp.a(alt_load.o)
 .debug_aranges
                0x0000000000000088       0x20 ../projet_1_software_bsp/\libhal_bsp.a(alt_main.o)
 .debug_aranges
                0x00000000000000a8       0x20 ../projet_1_software_bsp/\libhal_bsp.a(alt_sys_init.o)
 .debug_aranges
                0x00000000000000c8       0x20 ../projet_1_software_bsp/\libhal_bsp.a(altera_up_avalon_audio.o)
 .debug_aranges
                0x00000000000000e8       0x20 ../projet_1_software_bsp/\libhal_bsp.a(altera_up_avalon_audio_and_video_config.o)
 .debug_aranges
                0x0000000000000108       0x20 ../projet_1_software_bsp/\libhal_bsp.a(alt_close.o)
 .debug_aranges
                0x0000000000000128       0x20 ../projet_1_software_bsp/\libhal_bsp.a(alt_dcache_flush_all.o)
 .debug_aranges
                0x0000000000000148       0x20 ../projet_1_software_bsp/\libhal_bsp.a(alt_dev.o)
 .debug_aranges
                0x0000000000000168       0x20 ../projet_1_software_bsp/\libhal_bsp.a(alt_dev_llist_insert.o)
 .debug_aranges
                0x0000000000000188       0x20 ../projet_1_software_bsp/\libhal_bsp.a(alt_do_ctors.o)
 .debug_aranges
                0x00000000000001a8       0x20 ../projet_1_software_bsp/\libhal_bsp.a(alt_do_dtors.o)
 .debug_aranges
                0x00000000000001c8       0x18 ../projet_1_software_bsp/\libhal_bsp.a(alt_errno.o)
 .debug_aranges
                0x00000000000001e0       0x20 ../projet_1_software_bsp/\libhal_bsp.a(alt_find_dev.o)
 .debug_aranges
                0x0000000000000200       0x20 ../projet_1_software_bsp/\libhal_bsp.a(alt_icache_flush_all.o)
 .debug_aranges
                0x0000000000000220       0x20 ../projet_1_software_bsp/\libhal_bsp.a(alt_release_fd.o)
 .debug_aranges
                0x0000000000000240       0x20 ../projet_1_software_bsp/\libhal_bsp.a(altera_nios2_gen2_irq.o)
 .debug_aranges
                0x0000000000000260       0x20 c:/intelfpga_lite/17.1/nios2eds/bin/gnu/h-x86_64-mingw32/bin/../lib/gcc/nios2-elf/5.3.0/../../../../../H-x86_64-mingw32/nios2-elf/lib/mno-hw-mul\libc.a(lib_a-atexit.o)
 .debug_aranges
                0x0000000000000280       0x20 c:/intelfpga_lite/17.1/nios2eds/bin/gnu/h-x86_64-mingw32/bin/../lib/gcc/nios2-elf/5.3.0/../../../../../H-x86_64-mingw32/nios2-elf/lib/mno-hw-mul\libc.a(lib_a-exit.o)
 .debug_aranges
                0x00000000000002a0       0x18 c:/intelfpga_lite/17.1/nios2eds/bin/gnu/h-x86_64-mingw32/bin/../lib/gcc/nios2-elf/5.3.0/../../../../../H-x86_64-mingw32/nios2-elf/lib/mno-hw-mul\libc.a(lib_a-impure.o)
 .debug_aranges
                0x00000000000002b8       0x18 c:/intelfpga_lite/17.1/nios2eds/bin/gnu/h-x86_64-mingw32/bin/../lib/gcc/nios2-elf/5.3.0/../../../../../H-x86_64-mingw32/nios2-elf/lib/mno-hw-mul\libc.a(lib_a-int_errno.o)
 .debug_aranges
                0x00000000000002d0       0x20 c:/intelfpga_lite/17.1/nios2eds/bin/gnu/h-x86_64-mingw32/bin/../lib/gcc/nios2-elf/5.3.0/../../../../../H-x86_64-mingw32/nios2-elf/lib/mno-hw-mul\libc.a(lib_a-memcmp.o)
 .debug_aranges
                0x00000000000002f0       0x20 c:/intelfpga_lite/17.1/nios2eds/bin/gnu/h-x86_64-mingw32/bin/../lib/gcc/nios2-elf/5.3.0/../../../../../H-x86_64-mingw32/nios2-elf/lib/mno-hw-mul\libc.a(lib_a-strlen.o)
 .debug_aranges
                0x0000000000000310       0x20 c:/intelfpga_lite/17.1/nios2eds/bin/gnu/h-x86_64-mingw32/bin/../lib/gcc/nios2-elf/5.3.0/../../../../../H-x86_64-mingw32/nios2-elf/lib/mno-hw-mul\libc.a(lib_a-__atexit.o)
 .debug_aranges
                0x0000000000000330       0x20 c:/intelfpga_lite/17.1/nios2eds/bin/gnu/h-x86_64-mingw32/bin/../lib/gcc/nios2-elf/5.3.0/../../../../../H-x86_64-mingw32/nios2-elf/lib/mno-hw-mul\libc.a(lib_a-__call_atexit.o)
 .debug_aranges
                0x0000000000000350       0x20 c:/intelfpga_lite/17.1/nios2eds/bin/gnu/h-x86_64-mingw32/bin/../lib/gcc/nios2-elf/5.3.0/mno-hw-mul\libgcc.a(lib2-mul.o)
 .debug_aranges
                0x0000000000000370       0x20 ../projet_1_software_bsp/\libhal_bsp.a(alt_exit.o)

.debug_pubnames
 *(.debug_pubnames)

.debug_info     0x0000000000000000     0x5afe
 *(.debug_info .gnu.linkonce.wi.*)
 .debug_info    0x0000000000000000       0x9d ../projet_1_software_bsp//obj/HAL/src/crt0.o
 .debug_info    0x000000000000009d      0x5cb obj/default/main.o
 .debug_info    0x0000000000000668      0x2c6 c:/intelfpga_lite/17.1/nios2eds/bin/gnu/h-x86_64-mingw32/bin/../lib/gcc/nios2-elf/5.3.0/mno-hw-mul\libgcc.a(lib2-divmod.o)
 .debug_info    0x000000000000092e      0x145 ../projet_1_software_bsp/\libhal_bsp.a(alt_load.o)
 .debug_info    0x0000000000000a73      0x157 ../projet_1_software_bsp/\libhal_bsp.a(alt_main.o)
 .debug_info    0x0000000000000bca      0x446 ../projet_1_software_bsp/\libhal_bsp.a(alt_sys_init.o)
 .debug_info    0x0000000000001010      0x796 ../projet_1_software_bsp/\libhal_bsp.a(altera_up_avalon_audio.o)
 .debug_info    0x00000000000017a6      0x765 ../projet_1_software_bsp/\libhal_bsp.a(altera_up_avalon_audio_and_video_config.o)
 .debug_info    0x0000000000001f0b      0x321 ../projet_1_software_bsp/\libhal_bsp.a(alt_close.o)
 .debug_info    0x000000000000222c       0x92 ../projet_1_software_bsp/\libhal_bsp.a(alt_dcache_flush_all.o)
 .debug_info    0x00000000000022be      0x49c ../projet_1_software_bsp/\libhal_bsp.a(alt_dev.o)
 .debug_info    0x000000000000275a      0x1a9 ../projet_1_software_bsp/\libhal_bsp.a(alt_dev_llist_insert.o)
 .debug_info    0x0000000000002903       0x83 ../projet_1_software_bsp/\libhal_bsp.a(alt_do_ctors.o)
 .debug_info    0x0000000000002986       0x83 ../projet_1_software_bsp/\libhal_bsp.a(alt_do_dtors.o)
 .debug_info    0x0000000000002a09       0xa6 ../projet_1_software_bsp/\libhal_bsp.a(alt_errno.o)
 .debug_info    0x0000000000002aaf      0x2e9 ../projet_1_software_bsp/\libhal_bsp.a(alt_find_dev.o)
 .debug_info    0x0000000000002d98       0x92 ../projet_1_software_bsp/\libhal_bsp.a(alt_icache_flush_all.o)
 .debug_info    0x0000000000002e2a      0x2b0 ../projet_1_software_bsp/\libhal_bsp.a(alt_release_fd.o)
 .debug_info    0x00000000000030da       0xb8 ../projet_1_software_bsp/\libhal_bsp.a(altera_nios2_gen2_irq.o)
 .debug_info    0x0000000000003192       0xfe c:/intelfpga_lite/17.1/nios2eds/bin/gnu/h-x86_64-mingw32/bin/../lib/gcc/nios2-elf/5.3.0/../../../../../H-x86_64-mingw32/nios2-elf/lib/mno-hw-mul\libc.a(lib_a-atexit.o)
 .debug_info    0x0000000000003290      0x8e4 c:/intelfpga_lite/17.1/nios2eds/bin/gnu/h-x86_64-mingw32/bin/../lib/gcc/nios2-elf/5.3.0/../../../../../H-x86_64-mingw32/nios2-elf/lib/mno-hw-mul\libc.a(lib_a-exit.o)
 .debug_info    0x0000000000003b74      0x8a1 c:/intelfpga_lite/17.1/nios2eds/bin/gnu/h-x86_64-mingw32/bin/../lib/gcc/nios2-elf/5.3.0/../../../../../H-x86_64-mingw32/nios2-elf/lib/mno-hw-mul\libc.a(lib_a-impure.o)
 .debug_info    0x0000000000004415       0x8a c:/intelfpga_lite/17.1/nios2eds/bin/gnu/h-x86_64-mingw32/bin/../lib/gcc/nios2-elf/5.3.0/../../../../../H-x86_64-mingw32/nios2-elf/lib/mno-hw-mul\libc.a(lib_a-int_errno.o)
 .debug_info    0x000000000000449f      0x11a c:/intelfpga_lite/17.1/nios2eds/bin/gnu/h-x86_64-mingw32/bin/../lib/gcc/nios2-elf/5.3.0/../../../../../H-x86_64-mingw32/nios2-elf/lib/mno-hw-mul\libc.a(lib_a-memcmp.o)
 .debug_info    0x00000000000045b9       0xe2 c:/intelfpga_lite/17.1/nios2eds/bin/gnu/h-x86_64-mingw32/bin/../lib/gcc/nios2-elf/5.3.0/../../../../../H-x86_64-mingw32/nios2-elf/lib/mno-hw-mul\libc.a(lib_a-strlen.o)
 .debug_info    0x000000000000469b      0x934 c:/intelfpga_lite/17.1/nios2eds/bin/gnu/h-x86_64-mingw32/bin/../lib/gcc/nios2-elf/5.3.0/../../../../../H-x86_64-mingw32/nios2-elf/lib/mno-hw-mul\libc.a(lib_a-__atexit.o)
 .debug_info    0x0000000000004fcf      0x965 c:/intelfpga_lite/17.1/nios2eds/bin/gnu/h-x86_64-mingw32/bin/../lib/gcc/nios2-elf/5.3.0/../../../../../H-x86_64-mingw32/nios2-elf/lib/mno-hw-mul\libc.a(lib_a-__call_atexit.o)
 .debug_info    0x0000000000005934       0xb4 c:/intelfpga_lite/17.1/nios2eds/bin/gnu/h-x86_64-mingw32/bin/../lib/gcc/nios2-elf/5.3.0/mno-hw-mul\libgcc.a(lib2-mul.o)
 .debug_info    0x00000000000059e8      0x116 ../projet_1_software_bsp/\libhal_bsp.a(alt_exit.o)

.debug_abbrev   0x0000000000000000     0x1a1f
 *(.debug_abbrev)
 .debug_abbrev  0x0000000000000000       0x12 ../projet_1_software_bsp//obj/HAL/src/crt0.o
 .debug_abbrev  0x0000000000000012      0x1ae obj/default/main.o
 .debug_abbrev  0x00000000000001c0      0x10e c:/intelfpga_lite/17.1/nios2eds/bin/gnu/h-x86_64-mingw32/bin/../lib/gcc/nios2-elf/5.3.0/mno-hw-mul\libgcc.a(lib2-divmod.o)
 .debug_abbrev  0x00000000000002ce       0x9f ../projet_1_software_bsp/\libhal_bsp.a(alt_load.o)
 .debug_abbrev  0x000000000000036d       0xc1 ../projet_1_software_bsp/\libhal_bsp.a(alt_main.o)
 .debug_abbrev  0x000000000000042e      0x16f ../projet_1_software_bsp/\libhal_bsp.a(alt_sys_init.o)
 .debug_abbrev  0x000000000000059d      0x15e ../projet_1_software_bsp/\libhal_bsp.a(altera_up_avalon_audio.o)
 .debug_abbrev  0x00000000000006fb      0x124 ../projet_1_software_bsp/\libhal_bsp.a(altera_up_avalon_audio_and_video_config.o)
 .debug_abbrev  0x000000000000081f      0x11f ../projet_1_software_bsp/\libhal_bsp.a(alt_close.o)
 .debug_abbrev  0x000000000000093e       0x42 ../projet_1_software_bsp/\libhal_bsp.a(alt_dcache_flush_all.o)
 .debug_abbrev  0x0000000000000980       0xd9 ../projet_1_software_bsp/\libhal_bsp.a(alt_dev.o)
 .debug_abbrev  0x0000000000000a59      0x114 ../projet_1_software_bsp/\libhal_bsp.a(alt_dev_llist_insert.o)
 .debug_abbrev  0x0000000000000b6d       0x79 ../projet_1_software_bsp/\libhal_bsp.a(alt_do_ctors.o)
 .debug_abbrev  0x0000000000000be6       0x79 ../projet_1_software_bsp/\libhal_bsp.a(alt_do_dtors.o)
 .debug_abbrev  0x0000000000000c5f       0x5a ../projet_1_software_bsp/\libhal_bsp.a(alt_errno.o)
 .debug_abbrev  0x0000000000000cb9       0xf0 ../projet_1_software_bsp/\libhal_bsp.a(alt_find_dev.o)
 .debug_abbrev  0x0000000000000da9       0x42 ../projet_1_software_bsp/\libhal_bsp.a(alt_icache_flush_all.o)
 .debug_abbrev  0x0000000000000deb       0xde ../projet_1_software_bsp/\libhal_bsp.a(alt_release_fd.o)
 .debug_abbrev  0x0000000000000ec9       0x67 ../projet_1_software_bsp/\libhal_bsp.a(altera_nios2_gen2_irq.o)
 .debug_abbrev  0x0000000000000f30       0xaa c:/intelfpga_lite/17.1/nios2eds/bin/gnu/h-x86_64-mingw32/bin/../lib/gcc/nios2-elf/5.3.0/../../../../../H-x86_64-mingw32/nios2-elf/lib/mno-hw-mul\libc.a(lib_a-atexit.o)
 .debug_abbrev  0x0000000000000fda      0x1e5 c:/intelfpga_lite/17.1/nios2eds/bin/gnu/h-x86_64-mingw32/bin/../lib/gcc/nios2-elf/5.3.0/../../../../../H-x86_64-mingw32/nios2-elf/lib/mno-hw-mul\libc.a(lib_a-exit.o)
 .debug_abbrev  0x00000000000011bf      0x18f c:/intelfpga_lite/17.1/nios2eds/bin/gnu/h-x86_64-mingw32/bin/../lib/gcc/nios2-elf/5.3.0/../../../../../H-x86_64-mingw32/nios2-elf/lib/mno-hw-mul\libc.a(lib_a-impure.o)
 .debug_abbrev  0x000000000000134e       0x37 c:/intelfpga_lite/17.1/nios2eds/bin/gnu/h-x86_64-mingw32/bin/../lib/gcc/nios2-elf/5.3.0/../../../../../H-x86_64-mingw32/nios2-elf/lib/mno-hw-mul\libc.a(lib_a-int_errno.o)
 .debug_abbrev  0x0000000000001385       0x7f c:/intelfpga_lite/17.1/nios2eds/bin/gnu/h-x86_64-mingw32/bin/../lib/gcc/nios2-elf/5.3.0/../../../../../H-x86_64-mingw32/nios2-elf/lib/mno-hw-mul\libc.a(lib_a-memcmp.o)
 .debug_abbrev  0x0000000000001404       0x90 c:/intelfpga_lite/17.1/nios2eds/bin/gnu/h-x86_64-mingw32/bin/../lib/gcc/nios2-elf/5.3.0/../../../../../H-x86_64-mingw32/nios2-elf/lib/mno-hw-mul\libc.a(lib_a-strlen.o)
 .debug_abbrev  0x0000000000001494      0x21e c:/intelfpga_lite/17.1/nios2eds/bin/gnu/h-x86_64-mingw32/bin/../lib/gcc/nios2-elf/5.3.0/../../../../../H-x86_64-mingw32/nios2-elf/lib/mno-hw-mul\libc.a(lib_a-__atexit.o)
 .debug_abbrev  0x00000000000016b2      0x22e c:/intelfpga_lite/17.1/nios2eds/bin/gnu/h-x86_64-mingw32/bin/../lib/gcc/nios2-elf/5.3.0/../../../../../H-x86_64-mingw32/nios2-elf/lib/mno-hw-mul\libc.a(lib_a-__call_atexit.o)
 .debug_abbrev  0x00000000000018e0       0x6f c:/intelfpga_lite/17.1/nios2eds/bin/gnu/h-x86_64-mingw32/bin/../lib/gcc/nios2-elf/5.3.0/mno-hw-mul\libgcc.a(lib2-mul.o)
 .debug_abbrev  0x000000000000194f       0xd0 ../projet_1_software_bsp/\libhal_bsp.a(alt_exit.o)

.debug_line     0x0000000000000000     0x1dce
 *(.debug_line)
 .debug_line    0x0000000000000000       0x66 ../projet_1_software_bsp//obj/HAL/src/crt0.o
 .debug_line    0x0000000000000066      0x251 obj/default/main.o
 .debug_line    0x00000000000002b7      0x105 c:/intelfpga_lite/17.1/nios2eds/bin/gnu/h-x86_64-mingw32/bin/../lib/gcc/nios2-elf/5.3.0/mno-hw-mul\libgcc.a(lib2-divmod.o)
 .debug_line    0x00000000000003bc       0x8e ../projet_1_software_bsp/\libhal_bsp.a(alt_load.o)
 .debug_line    0x000000000000044a       0xcd ../projet_1_software_bsp/\libhal_bsp.a(alt_main.o)
 .debug_line    0x0000000000000517      0x139 ../projet_1_software_bsp/\libhal_bsp.a(alt_sys_init.o)
 .debug_line    0x0000000000000650      0x1e4 ../projet_1_software_bsp/\libhal_bsp.a(altera_up_avalon_audio.o)
 .debug_line    0x0000000000000834      0x1cc ../projet_1_software_bsp/\libhal_bsp.a(altera_up_avalon_audio_and_video_config.o)
 .debug_line    0x0000000000000a00      0x165 ../projet_1_software_bsp/\libhal_bsp.a(alt_close.o)
 .debug_line    0x0000000000000b65       0x51 ../projet_1_software_bsp/\libhal_bsp.a(alt_dcache_flush_all.o)
 .debug_line    0x0000000000000bb6       0xf8 ../projet_1_software_bsp/\libhal_bsp.a(alt_dev.o)
 .debug_line    0x0000000000000cae       0xcf ../projet_1_software_bsp/\libhal_bsp.a(alt_dev_llist_insert.o)
 .debug_line    0x0000000000000d7d       0x59 ../projet_1_software_bsp/\libhal_bsp.a(alt_do_ctors.o)
 .debug_line    0x0000000000000dd6       0x59 ../projet_1_software_bsp/\libhal_bsp.a(alt_do_dtors.o)
 .debug_line    0x0000000000000e2f       0x51 ../projet_1_software_bsp/\libhal_bsp.a(alt_errno.o)
 .debug_line    0x0000000000000e80       0xb5 ../projet_1_software_bsp/\libhal_bsp.a(alt_find_dev.o)
 .debug_line    0x0000000000000f35       0x4f ../projet_1_software_bsp/\libhal_bsp.a(alt_icache_flush_all.o)
 .debug_line    0x0000000000000f84       0xb0 ../projet_1_software_bsp/\libhal_bsp.a(alt_release_fd.o)
 .debug_line    0x0000000000001034       0x8d ../projet_1_software_bsp/\libhal_bsp.a(altera_nios2_gen2_irq.o)
 .debug_line    0x00000000000010c1       0xe7 c:/intelfpga_lite/17.1/nios2eds/bin/gnu/h-x86_64-mingw32/bin/../lib/gcc/nios2-elf/5.3.0/../../../../../H-x86_64-mingw32/nios2-elf/lib/mno-hw-mul\libc.a(lib_a-atexit.o)
 .debug_line    0x00000000000011a8      0x1fc c:/intelfpga_lite/17.1/nios2eds/bin/gnu/h-x86_64-mingw32/bin/../lib/gcc/nios2-elf/5.3.0/../../../../../H-x86_64-mingw32/nios2-elf/lib/mno-hw-mul\libc.a(lib_a-exit.o)
 .debug_line    0x00000000000013a4      0x160 c:/intelfpga_lite/17.1/nios2eds/bin/gnu/h-x86_64-mingw32/bin/../lib/gcc/nios2-elf/5.3.0/../../../../../H-x86_64-mingw32/nios2-elf/lib/mno-hw-mul\libc.a(lib_a-impure.o)
 .debug_line    0x0000000000001504       0x5f c:/intelfpga_lite/17.1/nios2eds/bin/gnu/h-x86_64-mingw32/bin/../lib/gcc/nios2-elf/5.3.0/../../../../../H-x86_64-mingw32/nios2-elf/lib/mno-hw-mul\libc.a(lib_a-int_errno.o)
 .debug_line    0x0000000000001563      0x176 c:/intelfpga_lite/17.1/nios2eds/bin/gnu/h-x86_64-mingw32/bin/../lib/gcc/nios2-elf/5.3.0/../../../../../H-x86_64-mingw32/nios2-elf/lib/mno-hw-mul\libc.a(lib_a-memcmp.o)
 .debug_line    0x00000000000016d9      0x16f c:/intelfpga_lite/17.1/nios2eds/bin/gnu/h-x86_64-mingw32/bin/../lib/gcc/nios2-elf/5.3.0/../../../../../H-x86_64-mingw32/nios2-elf/lib/mno-hw-mul\libc.a(lib_a-strlen.o)
 .debug_line    0x0000000000001848      0x21f c:/intelfpga_lite/17.1/nios2eds/bin/gnu/h-x86_64-mingw32/bin/../lib/gcc/nios2-elf/5.3.0/../../../../../H-x86_64-mingw32/nios2-elf/lib/mno-hw-mul\libc.a(lib_a-__atexit.o)
 .debug_line    0x0000000000001a67      0x23a c:/intelfpga_lite/17.1/nios2eds/bin/gnu/h-x86_64-mingw32/bin/../lib/gcc/nios2-elf/5.3.0/../../../../../H-x86_64-mingw32/nios2-elf/lib/mno-hw-mul\libc.a(lib_a-__call_atexit.o)
 .debug_line    0x0000000000001ca1       0x80 c:/intelfpga_lite/17.1/nios2eds/bin/gnu/h-x86_64-mingw32/bin/../lib/gcc/nios2-elf/5.3.0/mno-hw-mul\libgcc.a(lib2-mul.o)
 .debug_line    0x0000000000001d21       0xad ../projet_1_software_bsp/\libhal_bsp.a(alt_exit.o)

.debug_frame    0x0000000000000000      0xb98
 *(.debug_frame)
 .debug_frame   0x0000000000000000      0x118 obj/default/main.o
 .debug_frame   0x0000000000000118       0x50 c:/intelfpga_lite/17.1/nios2eds/bin/gnu/h-x86_64-mingw32/bin/../lib/gcc/nios2-elf/5.3.0/mno-hw-mul\libgcc.a(lib2-divmod.o)
 .debug_frame   0x0000000000000168       0x5c ../projet_1_software_bsp/\libhal_bsp.a(alt_load.o)
 .debug_frame   0x00000000000001c4       0x2c ../projet_1_software_bsp/\libhal_bsp.a(alt_main.o)
 .debug_frame   0x00000000000001f0       0x88 ../projet_1_software_bsp/\libhal_bsp.a(alt_sys_init.o)
 .debug_frame   0x0000000000000278      0x2ac ../projet_1_software_bsp/\libhal_bsp.a(altera_up_avalon_audio.o)
 .debug_frame   0x0000000000000524      0x2a0 ../projet_1_software_bsp/\libhal_bsp.a(altera_up_avalon_audio_and_video_config.o)
 .debug_frame   0x00000000000007c4       0x60 ../projet_1_software_bsp/\libhal_bsp.a(alt_close.o)
 .debug_frame   0x0000000000000824       0x34 ../projet_1_software_bsp/\libhal_bsp.a(alt_dcache_flush_all.o)
 .debug_frame   0x0000000000000858       0x34 ../projet_1_software_bsp/\libhal_bsp.a(alt_dev.o)
 .debug_frame   0x000000000000088c       0x60 ../projet_1_software_bsp/\libhal_bsp.a(alt_dev_llist_insert.o)
 .debug_frame   0x00000000000008ec       0x38 ../projet_1_software_bsp/\libhal_bsp.a(alt_do_ctors.o)
 .debug_frame   0x0000000000000924       0x38 ../projet_1_software_bsp/\libhal_bsp.a(alt_do_dtors.o)
 .debug_frame   0x000000000000095c       0x38 ../projet_1_software_bsp/\libhal_bsp.a(alt_find_dev.o)
 .debug_frame   0x0000000000000994       0x34 ../projet_1_software_bsp/\libhal_bsp.a(alt_icache_flush_all.o)
 .debug_frame   0x00000000000009c8       0x3c ../projet_1_software_bsp/\libhal_bsp.a(alt_release_fd.o)
 .debug_frame   0x0000000000000a04       0x34 ../projet_1_software_bsp/\libhal_bsp.a(altera_nios2_gen2_irq.o)
 .debug_frame   0x0000000000000a38       0x20 c:/intelfpga_lite/17.1/nios2eds/bin/gnu/h-x86_64-mingw32/bin/../lib/gcc/nios2-elf/5.3.0/../../../../../H-x86_64-mingw32/nios2-elf/lib/mno-hw-mul\libc.a(lib_a-atexit.o)
 .debug_frame   0x0000000000000a58       0x28 c:/intelfpga_lite/17.1/nios2eds/bin/gnu/h-x86_64-mingw32/bin/../lib/gcc/nios2-elf/5.3.0/../../../../../H-x86_64-mingw32/nios2-elf/lib/mno-hw-mul\libc.a(lib_a-exit.o)
 .debug_frame   0x0000000000000a80       0x20 c:/intelfpga_lite/17.1/nios2eds/bin/gnu/h-x86_64-mingw32/bin/../lib/gcc/nios2-elf/5.3.0/../../../../../H-x86_64-mingw32/nios2-elf/lib/mno-hw-mul\libc.a(lib_a-memcmp.o)
 .debug_frame   0x0000000000000aa0       0x20 c:/intelfpga_lite/17.1/nios2eds/bin/gnu/h-x86_64-mingw32/bin/../lib/gcc/nios2-elf/5.3.0/../../../../../H-x86_64-mingw32/nios2-elf/lib/mno-hw-mul\libc.a(lib_a-strlen.o)
 .debug_frame   0x0000000000000ac0       0x38 c:/intelfpga_lite/17.1/nios2eds/bin/gnu/h-x86_64-mingw32/bin/../lib/gcc/nios2-elf/5.3.0/../../../../../H-x86_64-mingw32/nios2-elf/lib/mno-hw-mul\libc.a(lib_a-__atexit.o)
 .debug_frame   0x0000000000000af8       0x54 c:/intelfpga_lite/17.1/nios2eds/bin/gnu/h-x86_64-mingw32/bin/../lib/gcc/nios2-elf/5.3.0/../../../../../H-x86_64-mingw32/nios2-elf/lib/mno-hw-mul\libc.a(lib_a-__call_atexit.o)
 .debug_frame   0x0000000000000b4c       0x20 c:/intelfpga_lite/17.1/nios2eds/bin/gnu/h-x86_64-mingw32/bin/../lib/gcc/nios2-elf/5.3.0/mno-hw-mul\libgcc.a(lib2-mul.o)
 .debug_frame   0x0000000000000b6c       0x2c ../projet_1_software_bsp/\libhal_bsp.a(alt_exit.o)

.debug_str      0x0000000000000000     0x18a8
 *(.debug_str)
 .debug_str     0x0000000000000000      0x3cb obj/default/main.o
                                        0x465 (size before relaxing)
 .debug_str     0x00000000000003cb      0x187 c:/intelfpga_lite/17.1/nios2eds/bin/gnu/h-x86_64-mingw32/bin/../lib/gcc/nios2-elf/5.3.0/mno-hw-mul\libgcc.a(lib2-divmod.o)
                                        0x1d2 (size before relaxing)
 .debug_str     0x0000000000000552      0x15a ../projet_1_software_bsp/\libhal_bsp.a(alt_load.o)
                                        0x241 (size before relaxing)
 .debug_str     0x00000000000006ac       0x65 ../projet_1_software_bsp/\libhal_bsp.a(alt_main.o)
                                        0x1f5 (size before relaxing)
 .debug_str     0x0000000000000711       0x7a ../projet_1_software_bsp/\libhal_bsp.a(alt_sys_init.o)
                                        0x37b (size before relaxing)
 .debug_str     0x000000000000078b      0x243 ../projet_1_software_bsp/\libhal_bsp.a(altera_up_avalon_audio.o)
                                        0x46c (size before relaxing)
 .debug_str     0x00000000000009ce      0x2f4 ../projet_1_software_bsp/\libhal_bsp.a(altera_up_avalon_audio_and_video_config.o)
                                        0x5c5 (size before relaxing)
 .debug_str     0x0000000000000cc2       0x44 ../projet_1_software_bsp/\libhal_bsp.a(alt_close.o)
                                        0x23a (size before relaxing)
 .debug_str     0x0000000000000d06       0x34 ../projet_1_software_bsp/\libhal_bsp.a(alt_dcache_flush_all.o)
                                        0x184 (size before relaxing)
 .debug_str     0x0000000000000d3a      0x120 ../projet_1_software_bsp/\libhal_bsp.a(alt_dev.o)
                                        0x334 (size before relaxing)
 .debug_str     0x0000000000000e5a       0x4b ../projet_1_software_bsp/\libhal_bsp.a(alt_dev_llist_insert.o)
                                        0x1fb (size before relaxing)
 .debug_str     0x0000000000000ea5       0x48 ../projet_1_software_bsp/\libhal_bsp.a(alt_do_ctors.o)
                                         0xff (size before relaxing)
 .debug_str     0x0000000000000eed       0x4c ../projet_1_software_bsp/\libhal_bsp.a(alt_do_dtors.o)
                                         0xfe (size before relaxing)
 .debug_str     0x0000000000000f39       0x14 ../projet_1_software_bsp/\libhal_bsp.a(alt_errno.o)
                                        0x174 (size before relaxing)
 .debug_str     0x0000000000000f4d       0x24 ../projet_1_software_bsp/\libhal_bsp.a(alt_find_dev.o)
                                        0x21b (size before relaxing)
 .debug_str     0x0000000000000f71       0x34 ../projet_1_software_bsp/\libhal_bsp.a(alt_icache_flush_all.o)
                                        0x184 (size before relaxing)
 .debug_str     0x0000000000000fa5       0x28 ../projet_1_software_bsp/\libhal_bsp.a(alt_release_fd.o)
                                        0x202 (size before relaxing)
 .debug_str     0x0000000000000fcd       0x3b ../projet_1_software_bsp/\libhal_bsp.a(altera_nios2_gen2_irq.o)
                                        0x1b4 (size before relaxing)
 .debug_str     0x0000000000001008      0x17c c:/intelfpga_lite/17.1/nios2eds/bin/gnu/h-x86_64-mingw32/bin/../lib/gcc/nios2-elf/5.3.0/../../../../../H-x86_64-mingw32/nios2-elf/lib/mno-hw-mul\libc.a(lib_a-atexit.o)
                                        0x221 (size before relaxing)
 .debug_str     0x0000000000001184      0x3d6 c:/intelfpga_lite/17.1/nios2eds/bin/gnu/h-x86_64-mingw32/bin/../lib/gcc/nios2-elf/5.3.0/../../../../../H-x86_64-mingw32/nios2-elf/lib/mno-hw-mul\libc.a(lib_a-exit.o)
                                        0x5be (size before relaxing)
 .debug_str     0x000000000000155a       0xd6 c:/intelfpga_lite/17.1/nios2eds/bin/gnu/h-x86_64-mingw32/bin/../lib/gcc/nios2-elf/5.3.0/../../../../../H-x86_64-mingw32/nios2-elf/lib/mno-hw-mul\libc.a(lib_a-impure.o)
                                        0x5b5 (size before relaxing)
 .debug_str     0x0000000000001630       0x3f c:/intelfpga_lite/17.1/nios2eds/bin/gnu/h-x86_64-mingw32/bin/../lib/gcc/nios2-elf/5.3.0/../../../../../H-x86_64-mingw32/nios2-elf/lib/mno-hw-mul\libc.a(lib_a-int_errno.o)
                                        0x1dd (size before relaxing)
 .debug_str     0x000000000000166f       0xda c:/intelfpga_lite/17.1/nios2eds/bin/gnu/h-x86_64-mingw32/bin/../lib/gcc/nios2-elf/5.3.0/../../../../../H-x86_64-mingw32/nios2-elf/lib/mno-hw-mul\libc.a(lib_a-memcmp.o)
                                        0x1e4 (size before relaxing)
 .debug_str     0x0000000000001749       0x51 c:/intelfpga_lite/17.1/nios2eds/bin/gnu/h-x86_64-mingw32/bin/../lib/gcc/nios2-elf/5.3.0/../../../../../H-x86_64-mingw32/nios2-elf/lib/mno-hw-mul\libc.a(lib_a-strlen.o)
                                        0x1f7 (size before relaxing)
 .debug_str     0x000000000000179a       0x3f c:/intelfpga_lite/17.1/nios2eds/bin/gnu/h-x86_64-mingw32/bin/../lib/gcc/nios2-elf/5.3.0/../../../../../H-x86_64-mingw32/nios2-elf/lib/mno-hw-mul\libc.a(lib_a-__atexit.o)
                                        0x5f6 (size before relaxing)
 .debug_str     0x00000000000017d9       0x65 c:/intelfpga_lite/17.1/nios2eds/bin/gnu/h-x86_64-mingw32/bin/../lib/gcc/nios2-elf/5.3.0/../../../../../H-x86_64-mingw32/nios2-elf/lib/mno-hw-mul\libc.a(lib_a-__call_atexit.o)
                                        0x5e2 (size before relaxing)
 .debug_str     0x000000000000183e       0x40 c:/intelfpga_lite/17.1/nios2eds/bin/gnu/h-x86_64-mingw32/bin/../lib/gcc/nios2-elf/5.3.0/mno-hw-mul\libgcc.a(lib2-mul.o)
                                        0x193 (size before relaxing)
 .debug_str     0x000000000000187e       0x2a ../projet_1_software_bsp/\libhal_bsp.a(alt_exit.o)
                                        0x1a9 (size before relaxing)

.debug_loc      0x0000000000000000      0xa6b
 *(.debug_loc)
 .debug_loc     0x0000000000000000      0x4ce c:/intelfpga_lite/17.1/nios2eds/bin/gnu/h-x86_64-mingw32/bin/../lib/gcc/nios2-elf/5.3.0/mno-hw-mul\libgcc.a(lib2-divmod.o)
 .debug_loc     0x00000000000004ce       0x2c c:/intelfpga_lite/17.1/nios2eds/bin/gnu/h-x86_64-mingw32/bin/../lib/gcc/nios2-elf/5.3.0/../../../../../H-x86_64-mingw32/nios2-elf/lib/mno-hw-mul\libc.a(lib_a-atexit.o)
 .debug_loc     0x00000000000004fa       0x1e c:/intelfpga_lite/17.1/nios2eds/bin/gnu/h-x86_64-mingw32/bin/../lib/gcc/nios2-elf/5.3.0/../../../../../H-x86_64-mingw32/nios2-elf/lib/mno-hw-mul\libc.a(lib_a-exit.o)
 .debug_loc     0x0000000000000518      0x126 c:/intelfpga_lite/17.1/nios2eds/bin/gnu/h-x86_64-mingw32/bin/../lib/gcc/nios2-elf/5.3.0/../../../../../H-x86_64-mingw32/nios2-elf/lib/mno-hw-mul\libc.a(lib_a-memcmp.o)
 .debug_loc     0x000000000000063e       0x47 c:/intelfpga_lite/17.1/nios2eds/bin/gnu/h-x86_64-mingw32/bin/../lib/gcc/nios2-elf/5.3.0/../../../../../H-x86_64-mingw32/nios2-elf/lib/mno-hw-mul\libc.a(lib_a-strlen.o)
 .debug_loc     0x0000000000000685      0x185 c:/intelfpga_lite/17.1/nios2eds/bin/gnu/h-x86_64-mingw32/bin/../lib/gcc/nios2-elf/5.3.0/../../../../../H-x86_64-mingw32/nios2-elf/lib/mno-hw-mul\libc.a(lib_a-__atexit.o)
 .debug_loc     0x000000000000080a      0x1ce c:/intelfpga_lite/17.1/nios2eds/bin/gnu/h-x86_64-mingw32/bin/../lib/gcc/nios2-elf/5.3.0/../../../../../H-x86_64-mingw32/nios2-elf/lib/mno-hw-mul\libc.a(lib_a-__call_atexit.o)
 .debug_loc     0x00000000000009d8       0x93 c:/intelfpga_lite/17.1/nios2eds/bin/gnu/h-x86_64-mingw32/bin/../lib/gcc/nios2-elf/5.3.0/mno-hw-mul\libgcc.a(lib2-mul.o)

.debug_macinfo
 *(.debug_macinfo)

.debug_weaknames
 *(.debug_weaknames)

.debug_funcnames
 *(.debug_funcnames)

.debug_typenames
 *(.debug_typenames)

.debug_varnames
 *(.debug_varnames)

.debug_alt_sim_info
                0x0000000000000000       0x10
 *(.debug_alt_sim_info)
 .debug_alt_sim_info
                0x0000000000000000       0x10 ../projet_1_software_bsp//obj/HAL/src/crt0.o
                0x00000000000ebe90                __alt_data_end = 0xebe90
                0x00000000000ebe90                PROVIDE (__alt_stack_pointer, __alt_data_end)
                [!provide]                        PROVIDE (__alt_stack_limit, __alt_stack_base)
                [!provide]                        PROVIDE (__alt_heap_start, end)
                [!provide]                        PROVIDE (__alt_heap_limit, 0xebe90)
OUTPUT(projet_1_software.elf elf32-littlenios2)

.debug_ranges   0x0000000000000000      0x100
 .debug_ranges  0x0000000000000000       0x20 ../projet_1_software_bsp//obj/HAL/src/crt0.o
 .debug_ranges  0x0000000000000020       0x60 c:/intelfpga_lite/17.1/nios2eds/bin/gnu/h-x86_64-mingw32/bin/../lib/gcc/nios2-elf/5.3.0/mno-hw-mul\libgcc.a(lib2-divmod.o)
 .debug_ranges  0x0000000000000080       0x10 c:/intelfpga_lite/17.1/nios2eds/bin/gnu/h-x86_64-mingw32/bin/../lib/gcc/nios2-elf/5.3.0/../../../../../H-x86_64-mingw32/nios2-elf/lib/mno-hw-mul\libc.a(lib_a-atexit.o)
 .debug_ranges  0x0000000000000090       0x10 c:/intelfpga_lite/17.1/nios2eds/bin/gnu/h-x86_64-mingw32/bin/../lib/gcc/nios2-elf/5.3.0/../../../../../H-x86_64-mingw32/nios2-elf/lib/mno-hw-mul\libc.a(lib_a-exit.o)
 .debug_ranges  0x00000000000000a0       0x10 c:/intelfpga_lite/17.1/nios2eds/bin/gnu/h-x86_64-mingw32/bin/../lib/gcc/nios2-elf/5.3.0/../../../../../H-x86_64-mingw32/nios2-elf/lib/mno-hw-mul\libc.a(lib_a-memcmp.o)
 .debug_ranges  0x00000000000000b0       0x10 c:/intelfpga_lite/17.1/nios2eds/bin/gnu/h-x86_64-mingw32/bin/../lib/gcc/nios2-elf/5.3.0/../../../../../H-x86_64-mingw32/nios2-elf/lib/mno-hw-mul\libc.a(lib_a-strlen.o)
 .debug_ranges  0x00000000000000c0       0x10 c:/intelfpga_lite/17.1/nios2eds/bin/gnu/h-x86_64-mingw32/bin/../lib/gcc/nios2-elf/5.3.0/../../../../../H-x86_64-mingw32/nios2-elf/lib/mno-hw-mul\libc.a(lib_a-__atexit.o)
 .debug_ranges  0x00000000000000d0       0x30 c:/intelfpga_lite/17.1/nios2eds/bin/gnu/h-x86_64-mingw32/bin/../lib/gcc/nios2-elf/5.3.0/../../../../../H-x86_64-mingw32/nios2-elf/lib/mno-hw-mul\libc.a(lib_a-__call_atexit.o)
